cpu_start: cpu freq: 160000000 Hz[0m
[ï¿½ESP-ROM:esp32c6-20220919
Build:Sep 19 2022
rst:0x1 (POWERON),boot:0xc (SPI_FAST_FLASH_BOOT)
SPIWP:0xee
mode:DIO, clock div:2
load:0x40875720,len:0x18ec
load:0x4086c110,len:0xe68
load:0x4086e610,len:0x2f4c
entry 0x4086c11a
[0;32mI (23) boot: ESP-IDF v5.3.4-246-gd94ddc0745 2nd stage bootloader[0m
[0;32mI (24) boot: compile time Oct  1 2025 13:30:43[0m
[0;32mI (24) boot: chip revision: v0.1[0m
[0;32mI (28) boot: efuse block revision: v0.3[0m
[0;32mI (32) boot.esp32c6: SPI Speed      : 80MHz[0m
[0;32mI (37) boot.esp32c6: SPI Mode       : DIO[0m
[0;32mI (42) boot.esp32c6: SPI Flash Size : 8MB[0m
[0;32mI (47) boot: Enabling RNG early entropy source...[0m
[0;32mI (52) boot: Partition Table:[0m
[0;32mI (56) boot: ## Label            Usage          Type ST Offset   Length[0m
[0;32mI (63) boot:  0 nvs              WiFi data        01 02 00009000 00006000[0m
[0;32mI (70) boot:  1 phy_init         RF data          01 01 0000f000 00001000[0m
[0;32mI (78) boot:  2 factory          factory app      00 00 00010000 00100000[0m
[0;32mI (85) boot: End of partition table[0m
[0;32mI (89) esp_image: segment 0: paddr=00010020 vaddr=42020020 size=0a59ch ( 42396) map[0m
[0;32mI (106) esp_image: segment 1: paddr=0001a5c4 vaddr=40800000 size=05a54h ( 23124) load[0m
[0;32mI (112) esp_image: segment 2: paddr=00020020 vaddr=42000020 size=15914h ( 88340) map[0m
[0;32mI (131) esp_image: segment 3: paddr=0003593c vaddr=40805a54 size=07424h ( 29732) load[0m
[0;32mI (141) boot: Loaded app from partition at offset 0x10000[0m
[0;32mI (141) boot: Disabling RNG early entropy source...[0m
[0;32mI (153) cpu_start: Unicore app[0m
[0;32mI (162) cpu_start: Pro cpu start user code[0m
[0;32mI (162) cpu_start: cpu freq: 160000000 Hz[0m
[0;32mI (162) app_init: Application information:[0m
[0;32mI (165) app_init: Project name:     esp32c6_extreme_clean_lcd_ds18[0m
[0;32mI (171) app_init: App version:      1[0m
[0;32mI (176) app_init: Compile time:     Oct  1 2025 13:30:40[0m
[0;32mI (182) app_init: ELF file SHA256:  df93f01b6...[0m
[0;32mI (187) app_init: ESP-IDF:          v5.3.4-246-gd94ddc0745[0m
[0;32mI (193) efuse_init: Min chip rev:     v0.0[0m
[0;32mI (198) efuse_init: Max chip rev:     v0.99 [0m
[0;32mI (203) efuse_init: Chip rev:         v0.1[0m
[0;32mI (208) heap_init: Initializing. RAM available for dynamic allocation:[0m
[0;32mI (215) heap_init: At 4080DE00 len 0006E810 (442 KiB): RAM[0m
[0;32mI (221) heap_init: At 4087C610 len 00002F54 (11 KiB): RAM[0m
[0;32mI (227) heap_init: At 50000000 len 00003FE8 (15 KiB): RTCRAM[0m
[0;32mI (234) spi_flash: detected chip: generic[0m
[0;32mI (238) spi_flash: flash io: dio[0m
[0;32mI (242) sleep: Configure to isolate all GPIO pins in sleep state[0m
[0;32mI (249) sleep: Enable automatic switching of GPIO sleep configuration[0m
[0;32mI (256) coexist: coex firmware version: a13b09d[0m
[0;32mI (284) coexist: coexist rom version 5b8dcfa[0m
[0;32mI (284) main_task: Started on CPU0[0m
[0;32mI (284) main_task: Calling app_main()[0m
[0;32mI (284) gpio: GPIO[10]| InputEn: 1| OutputEn: 1| OpenDrain: 1| Pullup: 1| Pulldown: 0| Intr:0 [0m
[0;32mI (294) gpio: GPIO[11]| InputEn: 1| OutputEn: 1| OpenDrain: 1| Pullup: 1| Pulldown: 0| Intr:0 [0m
[0;32mI (304) DFR_LCD: I2C scan begin[0m
[0;32mI (314) DFR_LCD: found 0x2D[0m
[0;32mI (314) DFR_LCD: found 0x3E[0m
[0;32mI (324) DFR_LCD: I2C scan end[0m
